  Determining projects to restore...
  All projects are up-to-date for restore.
  SyncWave -> D:\SyncWave\bin\Debug\net8.0-windows\SyncWave.dll

Build succeeded.
    0 Warning(s)
    0 Error(s)

Time Elapsed 00:00:05.58
